// Jest Snapshot v1, https://goo.gl/fbAQLP

exports[`Testing Home page can render HomePage 1`] = `
<div>
  <div
    class="row"
  >
    <div
      class="col-sm-12"
    >
      <h1
        class="white"
      >
        Welcome to 
        <code>
          burtware
        </code>
      </h1>
    </div>
    <div
      class="col-lg-3 mb-2"
    >
      <h2
        class="white"
      >
        Car Videos
      </h2>
      <figure>
        <iframe
          src="https://www.youtube.com/embed/i0Z1VKWf3RM"
          title="YouTube video player 1"
        />
        <figcaption>
          Range Rover Sport vs spillway
        </figcaption>
      </figure>
      <figure>
        <iframe
          src="https://www.youtube.com/embed/R6ygiL366TE"
          title="YouTube video player 2"
        />
        <figcaption>
          Guy Martin in highly modified Land Rover
        </figcaption>
      </figure>
    </div>
    <div
      class="col-lg-3 mb-2"
    >
      <h2
        class="white"
      >
        Music Videos
      </h2>
      <figure>
        <iframe
          src="https://www.youtube.com/embed/iTKJ_itifQg"
          title="YouTube video player 3"
        />
        <figcaption>
          depeche Mode - I Feel You
        </figcaption>
      </figure>
      <figure>
        <iframe
          src="https://www.youtube.com/embed/xy37XdAwH_A"
          title="YouTube video player 4"
        />
        <figcaption>
          Lindemann - Home Sweet Home (live)
        </figcaption>
      </figure>
    </div>
    <div
      class="col-lg-6 mb-2"
    >
      <h2>
        Â 
      </h2>
      <div
        class="card"
      >
        <div
          class="card-header"
        >
          <i
            class="bi bi-wrench-adjustable-circle"
          />
           Ethos
        </div>
        <div
          class="card-body"
        >
          <p>
            I started this space as an online area for me to experiment with ReactJS and data 'patterns' on AWS.  I've not got any desire to add a database or other server-side mechanisms - instead I want to concentrate purely on the front end aspects of rendering 
            <code>
              JSON
            </code>
             payloads. 
          </p>
          <p>
            There isn't any roadmap of what I will build, but I am iterating around the football details, using the Motherwell F.C. results as my data source. I am 'hand-rolling' the data into two 
            <code>
              .json
            </code>
             files: mfc-goals & mfc-matches, then creating a number of components to render the results onto the page.
          </p>
        </div>
      </div>
    </div>
  </div>
</div>
`;
